// Jest Snapshot v1, https://goo.gl/fbAQLP

exports[`PokemonPage component debe de hacer match con el snapshot cuando cargan los pokemons 1`] = `
<div>
  <h1>¿Quién es este pokémon?</h1>
  <pokemon-picture-stub pokemonid="3" showpokemon="false"></pokemon-picture-stub>
  <pokemon-option-stub pokemons="[object Object],[object Object],[object Object],[object Object]"></pokemon-option-stub>
  <!--v-if-->
</div>
`;

exports[`PokemonPage component should render PokemonPicture component 1`] = `<h1>Espero por favor</h1>`;
